[2026-05-06 20:13:36.254] [info] Using configuration file /home/rzzz/.config/waybar/config
[2026-05-06 20:13:36.254] [info] Including resource file: ~/.config/waybar/modules.json
[2026-05-06 20:13:36.256] [info] Discovered appearance 'dark'
[2026-05-06 20:13:36.273] [info] Using CSS file /home/rzzz/.config/waybar/style.css
[2026-05-06 20:13:36.276] [info] Hyprland IPC starting
[2026-05-06 20:13:36.276] [info] Loading persistent workspaces from Waybar config
[2026-05-06 20:13:36.277] [info] Loading persistent workspaces from Hyprland workspace rules
[2026-05-06 20:13:36.290] [info] Loading persistent workspaces from Waybar config
[2026-05-06 20:13:36.290] [info] Loading persistent workspaces from Hyprland workspace rules
[2026-05-06 20:13:36.520] [info] Bar configured (width: 2560, height: 47) for output: DP-1
[2026-05-06 20:13:36.520] [info] Bar configured (width: 2560, height: 47) for output: DP-2
[2026-05-06 20:13:45.018] [info] Using configuration file /home/rzzz/.config/waybar/config
[2026-05-06 20:13:45.018] [info] Including resource file: ~/.config/waybar/modules.json
[2026-05-06 20:13:45.020] [info] Discovered appearance 'dark'
[2026-05-06 20:13:45.037] [info] Using CSS file /home/rzzz/.config/waybar/style.css
[2026-05-06 20:13:45.040] [info] Hyprland IPC starting
[2026-05-06 20:13:45.041] [info] Loading persistent workspaces from Waybar config
[2026-05-06 20:13:45.041] [info] Loading persistent workspaces from Hyprland workspace rules
[2026-05-06 20:13:45.055] [info] Loading persistent workspaces from Waybar config
[2026-05-06 20:13:45.055] [info] Loading persistent workspaces from Hyprland workspace rules
[2026-05-06 20:13:45.284] [info] Bar configured (width: 2560, height: 47) for output: DP-1
[2026-05-06 20:13:45.284] [info] Bar configured (width: 2560, height: 47) for output: DP-2
:: Reboot
bash: /.config/ml4w/listeners.sh: No such file or directory
Gdk-Message: 20:14:32.941: Error reading events from display: Broken pipe
